exports[`PicksPage should render sample data 1`] = `
<div
  className="container">
  <div
    className="matchup-row row">
    <div
      className="winning-pick col-xs-4">
      <table
        className="picklist-left table">
        <thead>
          <tr>
            <th
              className="team"
              colSpan={2}>
              Left1
            </th>
          </tr>
        </thead>
        <tbody>
          <tr>
            <td
              className="user">
              Ryan
            </td>
            <td
              className="wager">
              1
            </td>
          </tr>
        </tbody>
      </table>
    </div>
    <div
      className="game-details col-xs-4">
      <p>
        Game1
        <br />
        Dec 1, 2016 1:00 PM
      </p>
    </div>
    <div
      className="winning-pick col-xs-4">
      <table
        className="picklist-right table">
        <thead>
          <tr>
            <th
              className="team"
              colSpan={2}>
              Right1
            </th>
          </tr>
        </thead>
        <tbody>
          <tr>
            <td
              className="wager">
              2
            </td>
            <td
              className="user">
              Dan
            </td>
          </tr>
        </tbody>
      </table>
    </div>
  </div>
  <h1>
    Completed Games
  </h1>
</div>
`;
